# Tests for "string.at"
$ rtxmlrpc --repr string.at '' -- '' 42
''
$ rtxmlrpc --repr string.at '' -- '' 42 'Life, universe, everything'
'Life, universe, everything'
$ rtxmlrpc --repr string.at '' -- 'foobar' 5
'r'
$ rtxmlrpc --repr string.at '' -- 'foobar' 6
''
$ rtxmlrpc --repr string.at '' -- '➀ ➁ ➂ ➃ ➄ ➅ ➆ ➇ ➈' 2  # TODO: UTF8 support
'?'
$ rtxmlrpc --repr string.at '' --
ERROR … <Fault -503: 'string.at needs a string argument!'>
