# Tests for "string.*"

# string.len
$ rtxmlrpc --repr string.len '' -- ''
0
$ rtxmlrpc --repr string.len '' -- 'foo123bar'
9
$ rtxmlrpc --repr string.len '' -- '♯'
1
$ rtxmlrpc --repr string.len '' --
ERROR … <Fault -503: 'string.len needs a string argument!'>
# END

# string.substr
$ rtxmlrpc --repr string.substr '' -- 'foo123bar'
'foo123bar'
$ rtxmlrpc --repr string.substr '' -- 'foo123bar' 6
'bar'
$ rtxmlrpc --repr string.substr '' -- 'foo123bar' 3 +3
'123'
$ rtxmlrpc --repr string.substr '' -- 'foo123bar' -6 3
'123'
$ rtxmlrpc --repr string.substr '' -- '➀ ♯'
u'\u2780 \u266f'
$ rtxmlrpc --repr string.substr '' -- '' 42
''
$ rtxmlrpc --repr string.substr '' -- '' 42 1 'Life, universe, everything'
'Life, universe, everything'
$ rtxmlrpc --repr string.substr '' -- 'foobar' 5
'r'
$ rtxmlrpc --repr string.substr '' -- 'foobar' 6
''
$ rtxmlrpc --repr string.substr '' -- '➀ ➁ ➂ ➃ ➄ ➅ ➆ ➇ ➈' 2 1
u'\u2781'
$ rtxmlrpc --repr string.substr '' -- '➀ ➁ ➂ ➃ ➄ ➅ ➆ ➇ ➈' 2 +2
u'\u2781 '
$ rtxmlrpc --repr string.substr '' -- '➀ ➁ ➂ ➃ ➄ ➅ ➆ ➇ ➈' -3 2
u'\u2787 '
$ rtxmlrpc --repr string.substr '' -- 'for123bar' 3 bad
ERROR … string.substr(count): junk at end of value: bad
RC=65
$ rtxmlrpc --repr string.substr '' --
ERROR … string.substr needs a string argument
RC=65
# END

# END string.*
