# Tests for "string.substr"
$ rtxmlrpc --repr string.substr '' -- 'foo123bar'
'foo123bar'
$ rtxmlrpc --repr string.substr '' -- 'foo123bar' 6
'bar'
$ rtxmlrpc --repr string.substr '' -- 'foo123bar' 3 +3
'123'
$ rtxmlrpc --repr string.substr '' -- 'foo123bar' -6 3
'123'
$ rtxmlrpc --repr string.substr '' -- '➀ ♯'
u'\u2780 \u266f'
$ rtxmlrpc --repr string.substr '' -- '➀ ➁ ➂ ➃ ➄ ➅ ➆ ➇ ➈' 3 2  # TODO: UTF8 support
' ?'
$ rtxmlrpc --repr string.substr '' -- 'for123bar' 3 bad
ERROR    …: <Fault -503: 'string.substr(count): junk at end of value: bad'>
$ rtxmlrpc --repr string.substr '' --
ERROR … <Fault -503: 'string.substr needs a string argument!'>
